<html>
<body>
<pre>
<h1>µVision Build Log</h1>
<h2>Tool Versions:</h2>
IDE-Version: µVision V5.42.0.0
Copyright (C) 2025 ARM Ltd and ARM Germany GmbH. All rights reserved.
License Information: Adam Seubert, None, LIC=----
 
Tool Versions:
Toolchain:       MDK-Lite  Version: 5.42.0.0
Toolchain Path:  C:\Users\apseu\AppData\Local\Keil_v5\ARM\ARMCLANG\Bin
C Compiler:      ArmClang.exe V6.23
Assembler:       Armasm.exe V6.23
Linker/Locator:  ArmLink.exe V6.23
Library Manager: ArmAr.exe V6.23
Hex Converter:   FromElf.exe V6.23
CPU DLL:         SARMCM3.DLL V5.42.0.0
Dialog DLL:      DARMCM1.DLL V1.19.6.0
Target DLL:      Segger\JL2CM3.dll V2.99.45.0
Dialog DLL:      TARMCM1.DLL V1.14.6.0
 
<h2>Project:</h2>
C:\AirStick\SDK_6.0.22.1401\DA145xx_SDK\6.0.22.1401\projects\target_apps\peripheral_examples\blinky\blinky\Keil_5\blinky.uvprojx
Project File Date:  07/17/2025

<h2>Output:</h2>
*** Using Compiler 'V6.23', folder: 'C:\Users\apseu\AppData\Local\Keil_v5\ARM\ARMCLANG\Bin'
Build target 'DA14531'
compiling main.c...
linking...
Program Size: Code=5212 RO-data=216 RW-data=12 ZI-data=2004  
FromELF: creating hex file...
After Build - User command #1: fromelf --bincombined --output=".\out_DA14531\Objects\blinky_531.bin"  ".\out_DA14531\Objects\blinky_531.axf"
".\out_DA14531\Objects\blinky_531.axf" - 0 Error(s), 0 Warning(s).

<h2>Software Packages used:</h2>

Package Vendor: ARM
                https://www.keil.com/pack/ARM.Cortex_DFP.1.1.0.pack
                ARM::Cortex_DFP@1.1.0
                ARM Cortex Reference Subsystems Device Family Pack

<h2>Collection of Component include folders:</h2>
  C:/Users/apseu/AppData/Local/Arm/Packs/ARM/Cortex_DFP/1.1.0/Device/ARMCM0plus/Include

<h2>Collection of Component Files used:</h2>
Build Time Elapsed:  00:00:01
</pre>
</body>
</html>
